mode: set
github.com/ozan1338/study-go/main.go:8.13,11.16 2 0
github.com/ozan1338/study-go/main.go:16.2,16.21 1 0
github.com/ozan1338/study-go/main.go:11.16,14.3 2 0
github.com/ozan1338/study-go/main.go:20.44,23.12 2 1
github.com/ozan1338/study-go/main.go:27.2,29.20 2 1
github.com/ozan1338/study-go/main.go:23.12,25.3 1 1
